// Jest Snapshot v1, https://goo.gl/fbAQLP

exports[`header renders correctly 1`] = `
<div
  data-testid="header"
>
  <h1>
    NASA picture of the day
  </h1>
  <button
    data-testid="move-back"
  >
    move back
  </button>
  <div
    data-testid="date"
  >
    2018-03-24
  </div>
  <button
    data-testid="move-forward"
  >
    move forward
  </button>
</div>
`;
